MPLINK 5.09, LINKER
Linker Map File - Created Thu Oct 27 15:25:56 2022

                                 Section Info
                  Section       Type    Address   Location Size(Bytes)
                ---------  ---------  ---------  ---------  ---------
                   .org_0       code   0x000000    program   0x000244
                   .cinit    romdata   0x000244    program   0x000002
                    dbgP0       code   0x007d30    program   0x0002d0
.config_300001_BUILD/DEFAULT/DEBUG/BONUS.O    romdata   0x300001    program   0x000001
.config_300003_BUILD/DEFAULT/DEBUG/BONUS.O    romdata   0x300003    program   0x000001
.config_300006_BUILD/DEFAULT/DEBUG/BONUS.O    romdata   0x300006    program   0x000001
                    dbgD0      udata   0x0005ef       data   0x000011



                              Program Memory Usage 
                               Start         End      
                           ---------   ---------      
                            0x000000    0x000245      
                            0x007d30    0x007fff      
                            0x300001    0x300001      
                            0x300003    0x300003      
                            0x300006    0x300006      
            1305 out of 33048 program addresses used, program memory utilization is 3%



                              Symbols - Sorted by Name
                     Name    Address   Location    Storage File                     
                ---------  ---------  ---------  --------- ---------                
                 _10LOOP1   0x00012e    program     static C:\Users\dodo9\MPLABXProjects\Lab06.X\bonus.asm
                 _10LOOP2   0x00012a    program     static C:\Users\dodo9\MPLABXProjects\Lab06.X\bonus.asm
                  _11LOOP   0x000144    program     static C:\Users\dodo9\MPLABXProjects\Lab06.X\bonus.asm
                 _12LOOP1   0x000152    program     static C:\Users\dodo9\MPLABXProjects\Lab06.X\bonus.asm
                 _12LOOP2   0x00014e    program     static C:\Users\dodo9\MPLABXProjects\Lab06.X\bonus.asm
                 _13LOOP1   0x000170    program     static C:\Users\dodo9\MPLABXProjects\Lab06.X\bonus.asm
                 _13LOOP2   0x00016c    program     static C:\Users\dodo9\MPLABXProjects\Lab06.X\bonus.asm
                 _14LOOP1   0x00018e    program     static C:\Users\dodo9\MPLABXProjects\Lab06.X\bonus.asm
                 _14LOOP2   0x00018a    program     static C:\Users\dodo9\MPLABXProjects\Lab06.X\bonus.asm
                 _15LOOP1   0x0001ac    program     static C:\Users\dodo9\MPLABXProjects\Lab06.X\bonus.asm
                 _15LOOP2   0x0001a8    program     static C:\Users\dodo9\MPLABXProjects\Lab06.X\bonus.asm
                  _16LOOP   0x0001c2    program     static C:\Users\dodo9\MPLABXProjects\Lab06.X\bonus.asm
                 _17LOOP1   0x0001d0    program     static C:\Users\dodo9\MPLABXProjects\Lab06.X\bonus.asm
                 _17LOOP2   0x0001cc    program     static C:\Users\dodo9\MPLABXProjects\Lab06.X\bonus.asm
                 _18LOOP1   0x0001ee    program     static C:\Users\dodo9\MPLABXProjects\Lab06.X\bonus.asm
                 _18LOOP2   0x0001ea    program     static C:\Users\dodo9\MPLABXProjects\Lab06.X\bonus.asm
                 _19LOOP1   0x00020c    program     static C:\Users\dodo9\MPLABXProjects\Lab06.X\bonus.asm
                 _19LOOP2   0x000208    program     static C:\Users\dodo9\MPLABXProjects\Lab06.X\bonus.asm
                   _1LOOP   0x000048    program     static C:\Users\dodo9\MPLABXProjects\Lab06.X\bonus.asm
                 _20LOOP1   0x00022a    program     static C:\Users\dodo9\MPLABXProjects\Lab06.X\bonus.asm
                 _20LOOP2   0x000226    program     static C:\Users\dodo9\MPLABXProjects\Lab06.X\bonus.asm
                  _2LOOP1   0x000056    program     static C:\Users\dodo9\MPLABXProjects\Lab06.X\bonus.asm
                  _2LOOP2   0x000052    program     static C:\Users\dodo9\MPLABXProjects\Lab06.X\bonus.asm
                  _3LOOP1   0x000074    program     static C:\Users\dodo9\MPLABXProjects\Lab06.X\bonus.asm
                  _3LOOP2   0x000070    program     static C:\Users\dodo9\MPLABXProjects\Lab06.X\bonus.asm
                  _4LOOP1   0x000092    program     static C:\Users\dodo9\MPLABXProjects\Lab06.X\bonus.asm
                  _4LOOP2   0x00008e    program     static C:\Users\dodo9\MPLABXProjects\Lab06.X\bonus.asm
                  _5LOOP1   0x0000b0    program     static C:\Users\dodo9\MPLABXProjects\Lab06.X\bonus.asm
                  _5LOOP2   0x0000ac    program     static C:\Users\dodo9\MPLABXProjects\Lab06.X\bonus.asm
                   _6LOOP   0x0000c6    program     static C:\Users\dodo9\MPLABXProjects\Lab06.X\bonus.asm
                  _7LOOP1   0x0000d4    program     static C:\Users\dodo9\MPLABXProjects\Lab06.X\bonus.asm
                  _7LOOP2   0x0000d0    program     static C:\Users\dodo9\MPLABXProjects\Lab06.X\bonus.asm
                  _8LOOP1   0x0000f2    program     static C:\Users\dodo9\MPLABXProjects\Lab06.X\bonus.asm
                  _8LOOP2   0x0000ee    program     static C:\Users\dodo9\MPLABXProjects\Lab06.X\bonus.asm
                  _9LOOP1   0x000110    program     static C:\Users\dodo9\MPLABXProjects\Lab06.X\bonus.asm
                  _9LOOP2   0x00010c    program     static C:\Users\dodo9\MPLABXProjects\Lab06.X\bonus.asm
                      int   0x000024    program     static C:\Users\dodo9\MPLABXProjects\Lab06.X\bonus.asm
                 lightup0   0x000004    program     static C:\Users\dodo9\MPLABXProjects\Lab06.X\bonus.asm
                 lightup1   0x00000c    program     static C:\Users\dodo9\MPLABXProjects\Lab06.X\bonus.asm
                 lightup2   0x000014    program     static C:\Users\dodo9\MPLABXProjects\Lab06.X\bonus.asm
                 lightup3   0x00001c    program     static C:\Users\dodo9\MPLABXProjects\Lab06.X\bonus.asm
                     loop   0x000048    program     static C:\Users\dodo9\MPLABXProjects\Lab06.X\bonus.asm
                    start   0x000024    program     static C:\Users\dodo9\MPLABXProjects\Lab06.X\bonus.asm



                              Symbols - Sorted by Address
                     Name    Address   Location    Storage File                     
                ---------  ---------  ---------  --------- ---------                
                 lightup0   0x000004    program     static C:\Users\dodo9\MPLABXProjects\Lab06.X\bonus.asm
                 lightup1   0x00000c    program     static C:\Users\dodo9\MPLABXProjects\Lab06.X\bonus.asm
                 lightup2   0x000014    program     static C:\Users\dodo9\MPLABXProjects\Lab06.X\bonus.asm
                 lightup3   0x00001c    program     static C:\Users\dodo9\MPLABXProjects\Lab06.X\bonus.asm
                    start   0x000024    program     static C:\Users\dodo9\MPLABXProjects\Lab06.X\bonus.asm
                      int   0x000024    program     static C:\Users\dodo9\MPLABXProjects\Lab06.X\bonus.asm
                     loop   0x000048    program     static C:\Users\dodo9\MPLABXProjects\Lab06.X\bonus.asm
                   _1LOOP   0x000048    program     static C:\Users\dodo9\MPLABXProjects\Lab06.X\bonus.asm
                  _2LOOP2   0x000052    program     static C:\Users\dodo9\MPLABXProjects\Lab06.X\bonus.asm
                  _2LOOP1   0x000056    program     static C:\Users\dodo9\MPLABXProjects\Lab06.X\bonus.asm
                  _3LOOP2   0x000070    program     static C:\Users\dodo9\MPLABXProjects\Lab06.X\bonus.asm
                  _3LOOP1   0x000074    program     static C:\Users\dodo9\MPLABXProjects\Lab06.X\bonus.asm
                  _4LOOP2   0x00008e    program     static C:\Users\dodo9\MPLABXProjects\Lab06.X\bonus.asm
                  _4LOOP1   0x000092    program     static C:\Users\dodo9\MPLABXProjects\Lab06.X\bonus.asm
                  _5LOOP2   0x0000ac    program     static C:\Users\dodo9\MPLABXProjects\Lab06.X\bonus.asm
                  _5LOOP1   0x0000b0    program     static C:\Users\dodo9\MPLABXProjects\Lab06.X\bonus.asm
                   _6LOOP   0x0000c6    program     static C:\Users\dodo9\MPLABXProjects\Lab06.X\bonus.asm
                  _7LOOP2   0x0000d0    program     static C:\Users\dodo9\MPLABXProjects\Lab06.X\bonus.asm
                  _7LOOP1   0x0000d4    program     static C:\Users\dodo9\MPLABXProjects\Lab06.X\bonus.asm
                  _8LOOP2   0x0000ee    program     static C:\Users\dodo9\MPLABXProjects\Lab06.X\bonus.asm
                  _8LOOP1   0x0000f2    program     static C:\Users\dodo9\MPLABXProjects\Lab06.X\bonus.asm
                  _9LOOP2   0x00010c    program     static C:\Users\dodo9\MPLABXProjects\Lab06.X\bonus.asm
                  _9LOOP1   0x000110    program     static C:\Users\dodo9\MPLABXProjects\Lab06.X\bonus.asm
                 _10LOOP2   0x00012a    program     static C:\Users\dodo9\MPLABXProjects\Lab06.X\bonus.asm
                 _10LOOP1   0x00012e    program     static C:\Users\dodo9\MPLABXProjects\Lab06.X\bonus.asm
                  _11LOOP   0x000144    program     static C:\Users\dodo9\MPLABXProjects\Lab06.X\bonus.asm
                 _12LOOP2   0x00014e    program     static C:\Users\dodo9\MPLABXProjects\Lab06.X\bonus.asm
                 _12LOOP1   0x000152    program     static C:\Users\dodo9\MPLABXProjects\Lab06.X\bonus.asm
                 _13LOOP2   0x00016c    program     static C:\Users\dodo9\MPLABXProjects\Lab06.X\bonus.asm
                 _13LOOP1   0x000170    program     static C:\Users\dodo9\MPLABXProjects\Lab06.X\bonus.asm
                 _14LOOP2   0x00018a    program     static C:\Users\dodo9\MPLABXProjects\Lab06.X\bonus.asm
                 _14LOOP1   0x00018e    program     static C:\Users\dodo9\MPLABXProjects\Lab06.X\bonus.asm
                 _15LOOP2   0x0001a8    program     static C:\Users\dodo9\MPLABXProjects\Lab06.X\bonus.asm
                 _15LOOP1   0x0001ac    program     static C:\Users\dodo9\MPLABXProjects\Lab06.X\bonus.asm
                  _16LOOP   0x0001c2    program     static C:\Users\dodo9\MPLABXProjects\Lab06.X\bonus.asm
                 _17LOOP2   0x0001cc    program     static C:\Users\dodo9\MPLABXProjects\Lab06.X\bonus.asm
                 _17LOOP1   0x0001d0    program     static C:\Users\dodo9\MPLABXProjects\Lab06.X\bonus.asm
                 _18LOOP2   0x0001ea    program     static C:\Users\dodo9\MPLABXProjects\Lab06.X\bonus.asm
                 _18LOOP1   0x0001ee    program     static C:\Users\dodo9\MPLABXProjects\Lab06.X\bonus.asm
                 _19LOOP2   0x000208    program     static C:\Users\dodo9\MPLABXProjects\Lab06.X\bonus.asm
                 _19LOOP1   0x00020c    program     static C:\Users\dodo9\MPLABXProjects\Lab06.X\bonus.asm
                 _20LOOP2   0x000226    program     static C:\Users\dodo9\MPLABXProjects\Lab06.X\bonus.asm
                 _20LOOP1   0x00022a    program     static C:\Users\dodo9\MPLABXProjects\Lab06.X\bonus.asm


