MPLINK 5.09, LINKER
Linker Map File - Created Fri Nov 11 11:01:23 2022

                                 Section Info
                  Section       Type    Address   Location Size(Bytes)
                ---------  ---------  ---------  ---------  ---------
                   .org_0       code   0x000000    program   0x00005e
                   .cinit    romdata   0x00005e    program   0x000002
.config_300001_BUILD/DEFAULT/DEBUG/2B.O    romdata   0x300001    program   0x000001
.config_300003_BUILD/DEFAULT/DEBUG/2B.O    romdata   0x300003    program   0x000001



                              Program Memory Usage 
                               Start         End      
                           ---------   ---------      
                            0x000000    0x00005f      
                            0x300001    0x300001      
                            0x300003    0x300003      
            98 out of 33048 program addresses used, program memory utilization is 0%



                              Symbols - Sorted by Name
                     Name    Address   Location    Storage File                     
                ---------  ---------  ---------  --------- ---------                
                  Initial   0x000034    program     static C:\Users\dodo9\MPLABXProjects\Midterm.X\2b.asm
                 MOUNTAIN   0x000004    program     static C:\Users\dodo9\MPLABXProjects\Midterm.X\2b.asm
                MOUNTAIN2   0x00000e    program     static C:\Users\dodo9\MPLABXProjects\Midterm.X\2b.asm



                              Symbols - Sorted by Address
                     Name    Address   Location    Storage File                     
                ---------  ---------  ---------  --------- ---------                
                 MOUNTAIN   0x000004    program     static C:\Users\dodo9\MPLABXProjects\Midterm.X\2b.asm
                MOUNTAIN2   0x00000e    program     static C:\Users\dodo9\MPLABXProjects\Midterm.X\2b.asm
                  Initial   0x000034    program     static C:\Users\dodo9\MPLABXProjects\Midterm.X\2b.asm


