MPLINK 5.09, LINKER
Linker Map File - Created Thu Sep 15 23:53:43 2022

                                 Section Info
                  Section       Type    Address   Location Size(Bytes)
                ---------  ---------  ---------  ---------  ---------
                   .org_0       code   0x000000    program   0x000020
                   .cinit    romdata   0x000020    program   0x000002
.config_300001_BUILD/DEFAULT/DEBUG/BONUS.O    romdata   0x300001    program   0x000001
.config_300003_BUILD/DEFAULT/DEBUG/BONUS.O    romdata   0x300003    program   0x000001



                              Program Memory Usage 
                               Start         End      
                           ---------   ---------      
                            0x000000    0x000021      
                            0x300001    0x300001      
                            0x300003    0x300003      
            36 out of 33048 program addresses used, program memory utilization is 0%



                              Symbols - Sorted by Name
                     Name    Address   Location    Storage File                     
                ---------  ---------  ---------  --------- ---------                
                    Check   0x000010    program     static C:\Users\dodo9\MPLABXProjects\lab00.X\Bonus.asm
                  Initial   0x000000    program     static C:\Users\dodo9\MPLABXProjects\lab00.X\Bonus.asm
                    Input   0x000008    program     static C:\Users\dodo9\MPLABXProjects\lab00.X\Bonus.asm



                              Symbols - Sorted by Address
                     Name    Address   Location    Storage File                     
                ---------  ---------  ---------  --------- ---------                
                  Initial   0x000000    program     static C:\Users\dodo9\MPLABXProjects\lab00.X\Bonus.asm
                    Input   0x000008    program     static C:\Users\dodo9\MPLABXProjects\lab00.X\Bonus.asm
                    Check   0x000010    program     static C:\Users\dodo9\MPLABXProjects\lab00.X\Bonus.asm


