MPLINK 5.09, LINKER
Linker Map File - Created Thu Sep 29 23:51:25 2022

                                 Section Info
                  Section       Type    Address   Location Size(Bytes)
                ---------  ---------  ---------  ---------  ---------
                   .org_0       code   0x000000    program   0x000040
                   .cinit    romdata   0x000040    program   0x000002
.config_300001_BUILD/DEFAULT/DEBUG/ADVANCED.O    romdata   0x300001    program   0x000001
.config_300003_BUILD/DEFAULT/DEBUG/ADVANCED.O    romdata   0x300003    program   0x000001



                              Program Memory Usage 
                               Start         End      
                           ---------   ---------      
                            0x000000    0x000041      
                            0x300001    0x300001      
                            0x300003    0x300003      
            68 out of 33048 program addresses used, program memory utilization is 0%



                              Symbols - Sorted by Name
                     Name    Address   Location    Storage File                     
                ---------  ---------  ---------  --------- ---------                
           Initialization   0x000000    program     static C:\Users\dodo9\MPLABXProjects\Lab03.X\Advanced.asm
                    Start   0x000014    program     static C:\Users\dodo9\MPLABXProjects\Lab03.X\Advanced.asm
              Termination   0x000034    program     static C:\Users\dodo9\MPLABXProjects\Lab03.X\Advanced.asm



                              Symbols - Sorted by Address
                     Name    Address   Location    Storage File                     
                ---------  ---------  ---------  --------- ---------                
           Initialization   0x000000    program     static C:\Users\dodo9\MPLABXProjects\Lab03.X\Advanced.asm
                    Start   0x000014    program     static C:\Users\dodo9\MPLABXProjects\Lab03.X\Advanced.asm
              Termination   0x000034    program     static C:\Users\dodo9\MPLABXProjects\Lab03.X\Advanced.asm


