MPLINK 5.09, LINKER
Linker Map File - Created Thu Nov 24 15:56:23 2022

                                 Section Info
                  Section       Type    Address   Location Size(Bytes)
                ---------  ---------  ---------  ---------  ---------
                   .org_0       code   0x000000    program   0x000004
                   .cinit    romdata   0x000004    program   0x000002
                   .org_1       code   0x000008    program   0x00022a
                    dbgP0       code   0x007d30    program   0x0002d0
.config_300001_BUILD/DEFAULT/DEBUG/BONUS.O    romdata   0x300001    program   0x000001
.config_300002_BUILD/DEFAULT/DEBUG/BONUS.O    romdata   0x300002    program   0x000001
.config_300003_BUILD/DEFAULT/DEBUG/BONUS.O    romdata   0x300003    program   0x000001
.config_300005_BUILD/DEFAULT/DEBUG/BONUS.O    romdata   0x300005    program   0x000001
.config_300006_BUILD/DEFAULT/DEBUG/BONUS.O    romdata   0x300006    program   0x000001
.config_300008_BUILD/DEFAULT/DEBUG/BONUS.O    romdata   0x300008    program   0x000001
.config_300009_BUILD/DEFAULT/DEBUG/BONUS.O    romdata   0x300009    program   0x000001
.config_30000A_BUILD/DEFAULT/DEBUG/BONUS.O    romdata   0x30000a    program   0x000001
.config_30000B_BUILD/DEFAULT/DEBUG/BONUS.O    romdata   0x30000b    program   0x000001
.config_30000C_BUILD/DEFAULT/DEBUG/BONUS.O    romdata   0x30000c    program   0x000001
.config_30000D_BUILD/DEFAULT/DEBUG/BONUS.O    romdata   0x30000d    program   0x000001
                    dbgD0      udata   0x0005ef       data   0x000011



                              Program Memory Usage 
                               Start         End      
                           ---------   ---------      
                            0x000000    0x000005      
                            0x000008    0x000231      
                            0x007d30    0x007fff      
                            0x300001    0x300003      
                            0x300005    0x300006      
                            0x300008    0x30000d      
            1291 out of 33048 program addresses used, program memory utilization is 3%



                              Symbols - Sorted by Name
                     Name    Address   Location    Storage File                     
                ---------  ---------  ---------  --------- ---------                
                      ISR   0x000004    program     static C:\Users\dodo9\MPLABXProjects\Lab07.X\bonus.asm
                  Initial   0x00000e    program     static C:\Users\dodo9\MPLABXProjects\Lab07.X\bonus.asm
                    LOOP0   0x00002a    program     static C:\Users\dodo9\MPLABXProjects\Lab07.X\bonus.asm
                    LOOP1   0x0000a6    program     static C:\Users\dodo9\MPLABXProjects\Lab07.X\bonus.asm
                    LOOP2   0x0000ee    program     static C:\Users\dodo9\MPLABXProjects\Lab07.X\bonus.asm
                    LOOP3   0x000116    program     static C:\Users\dodo9\MPLABXProjects\Lab07.X\bonus.asm
                    LOOP4   0x000196    program     static C:\Users\dodo9\MPLABXProjects\Lab07.X\bonus.asm
                    LOOP5   0x0001da    program     static C:\Users\dodo9\MPLABXProjects\Lab07.X\bonus.asm
                 _10LOOP1   0x000156    program     static C:\Users\dodo9\MPLABXProjects\Lab07.X\bonus.asm
                 _10LOOP2   0x000152    program     static C:\Users\dodo9\MPLABXProjects\Lab07.X\bonus.asm
                 _11LOOP1   0x000172    program     static C:\Users\dodo9\MPLABXProjects\Lab07.X\bonus.asm
                 _11LOOP2   0x00016e    program     static C:\Users\dodo9\MPLABXProjects\Lab07.X\bonus.asm
                 _12LOOP1   0x00019e    program     static C:\Users\dodo9\MPLABXProjects\Lab07.X\bonus.asm
                 _12LOOP2   0x00019a    program     static C:\Users\dodo9\MPLABXProjects\Lab07.X\bonus.asm
                 _13LOOP1   0x0001ba    program     static C:\Users\dodo9\MPLABXProjects\Lab07.X\bonus.asm
                 _13LOOP2   0x0001b6    program     static C:\Users\dodo9\MPLABXProjects\Lab07.X\bonus.asm
                 _14LOOP1   0x0001e2    program     static C:\Users\dodo9\MPLABXProjects\Lab07.X\bonus.asm
                 _14LOOP2   0x0001de    program     static C:\Users\dodo9\MPLABXProjects\Lab07.X\bonus.asm
                  _1LOOP1   0x000032    program     static C:\Users\dodo9\MPLABXProjects\Lab07.X\bonus.asm
                  _1LOOP2   0x00002e    program     static C:\Users\dodo9\MPLABXProjects\Lab07.X\bonus.asm
                  _2LOOP1   0x00004e    program     static C:\Users\dodo9\MPLABXProjects\Lab07.X\bonus.asm
                  _2LOOP2   0x00004a    program     static C:\Users\dodo9\MPLABXProjects\Lab07.X\bonus.asm
                  _3LOOP1   0x00006a    program     static C:\Users\dodo9\MPLABXProjects\Lab07.X\bonus.asm
                  _3LOOP2   0x000066    program     static C:\Users\dodo9\MPLABXProjects\Lab07.X\bonus.asm
                  _4LOOP1   0x000086    program     static C:\Users\dodo9\MPLABXProjects\Lab07.X\bonus.asm
                  _4LOOP2   0x000082    program     static C:\Users\dodo9\MPLABXProjects\Lab07.X\bonus.asm
                  _5LOOP1   0x0000ae    program     static C:\Users\dodo9\MPLABXProjects\Lab07.X\bonus.asm
                  _5LOOP2   0x0000aa    program     static C:\Users\dodo9\MPLABXProjects\Lab07.X\bonus.asm
                  _6LOOP1   0x0000ca    program     static C:\Users\dodo9\MPLABXProjects\Lab07.X\bonus.asm
                  _6LOOP2   0x0000c6    program     static C:\Users\dodo9\MPLABXProjects\Lab07.X\bonus.asm
                  _7LOOP1   0x0000f6    program     static C:\Users\dodo9\MPLABXProjects\Lab07.X\bonus.asm
                  _7LOOP2   0x0000f2    program     static C:\Users\dodo9\MPLABXProjects\Lab07.X\bonus.asm
                  _8LOOP1   0x00011e    program     static C:\Users\dodo9\MPLABXProjects\Lab07.X\bonus.asm
                  _8LOOP2   0x00011a    program     static C:\Users\dodo9\MPLABXProjects\Lab07.X\bonus.asm
                  _9LOOP1   0x00013a    program     static C:\Users\dodo9\MPLABXProjects\Lab07.X\bonus.asm
                  _9LOOP2   0x000136    program     static C:\Users\dodo9\MPLABXProjects\Lab07.X\bonus.asm
                     main   0x000206    program     static C:\Users\dodo9\MPLABXProjects\Lab07.X\bonus.asm



                              Symbols - Sorted by Address
                     Name    Address   Location    Storage File                     
                ---------  ---------  ---------  --------- ---------                
                      ISR   0x000004    program     static C:\Users\dodo9\MPLABXProjects\Lab07.X\bonus.asm
                  Initial   0x00000e    program     static C:\Users\dodo9\MPLABXProjects\Lab07.X\bonus.asm
                    LOOP0   0x00002a    program     static C:\Users\dodo9\MPLABXProjects\Lab07.X\bonus.asm
                  _1LOOP2   0x00002e    program     static C:\Users\dodo9\MPLABXProjects\Lab07.X\bonus.asm
                  _1LOOP1   0x000032    program     static C:\Users\dodo9\MPLABXProjects\Lab07.X\bonus.asm
                  _2LOOP2   0x00004a    program     static C:\Users\dodo9\MPLABXProjects\Lab07.X\bonus.asm
                  _2LOOP1   0x00004e    program     static C:\Users\dodo9\MPLABXProjects\Lab07.X\bonus.asm
                  _3LOOP2   0x000066    program     static C:\Users\dodo9\MPLABXProjects\Lab07.X\bonus.asm
                  _3LOOP1   0x00006a    program     static C:\Users\dodo9\MPLABXProjects\Lab07.X\bonus.asm
                  _4LOOP2   0x000082    program     static C:\Users\dodo9\MPLABXProjects\Lab07.X\bonus.asm
                  _4LOOP1   0x000086    program     static C:\Users\dodo9\MPLABXProjects\Lab07.X\bonus.asm
                    LOOP1   0x0000a6    program     static C:\Users\dodo9\MPLABXProjects\Lab07.X\bonus.asm
                  _5LOOP2   0x0000aa    program     static C:\Users\dodo9\MPLABXProjects\Lab07.X\bonus.asm
                  _5LOOP1   0x0000ae    program     static C:\Users\dodo9\MPLABXProjects\Lab07.X\bonus.asm
                  _6LOOP2   0x0000c6    program     static C:\Users\dodo9\MPLABXProjects\Lab07.X\bonus.asm
                  _6LOOP1   0x0000ca    program     static C:\Users\dodo9\MPLABXProjects\Lab07.X\bonus.asm
                    LOOP2   0x0000ee    program     static C:\Users\dodo9\MPLABXProjects\Lab07.X\bonus.asm
                  _7LOOP2   0x0000f2    program     static C:\Users\dodo9\MPLABXProjects\Lab07.X\bonus.asm
                  _7LOOP1   0x0000f6    program     static C:\Users\dodo9\MPLABXProjects\Lab07.X\bonus.asm
                    LOOP3   0x000116    program     static C:\Users\dodo9\MPLABXProjects\Lab07.X\bonus.asm
                  _8LOOP2   0x00011a    program     static C:\Users\dodo9\MPLABXProjects\Lab07.X\bonus.asm
                  _8LOOP1   0x00011e    program     static C:\Users\dodo9\MPLABXProjects\Lab07.X\bonus.asm
                  _9LOOP2   0x000136    program     static C:\Users\dodo9\MPLABXProjects\Lab07.X\bonus.asm
                  _9LOOP1   0x00013a    program     static C:\Users\dodo9\MPLABXProjects\Lab07.X\bonus.asm
                 _10LOOP2   0x000152    program     static C:\Users\dodo9\MPLABXProjects\Lab07.X\bonus.asm
                 _10LOOP1   0x000156    program     static C:\Users\dodo9\MPLABXProjects\Lab07.X\bonus.asm
                 _11LOOP2   0x00016e    program     static C:\Users\dodo9\MPLABXProjects\Lab07.X\bonus.asm
                 _11LOOP1   0x000172    program     static C:\Users\dodo9\MPLABXProjects\Lab07.X\bonus.asm
                    LOOP4   0x000196    program     static C:\Users\dodo9\MPLABXProjects\Lab07.X\bonus.asm
                 _12LOOP2   0x00019a    program     static C:\Users\dodo9\MPLABXProjects\Lab07.X\bonus.asm
                 _12LOOP1   0x00019e    program     static C:\Users\dodo9\MPLABXProjects\Lab07.X\bonus.asm
                 _13LOOP2   0x0001b6    program     static C:\Users\dodo9\MPLABXProjects\Lab07.X\bonus.asm
                 _13LOOP1   0x0001ba    program     static C:\Users\dodo9\MPLABXProjects\Lab07.X\bonus.asm
                    LOOP5   0x0001da    program     static C:\Users\dodo9\MPLABXProjects\Lab07.X\bonus.asm
                 _14LOOP2   0x0001de    program     static C:\Users\dodo9\MPLABXProjects\Lab07.X\bonus.asm
                 _14LOOP1   0x0001e2    program     static C:\Users\dodo9\MPLABXProjects\Lab07.X\bonus.asm
                     main   0x000206    program     static C:\Users\dodo9\MPLABXProjects\Lab07.X\bonus.asm


