Microchip MPLAB XC8 Compiler V2.40

Linker command line:

-W-3 \
  --edf=C:\Program Files\Microchip\xc8\v2.40\pic\dat\20220703182018_en.msgs \
  -cn -h+dist/default/debug\Lab10.X.debug.sym \
  --cmf=dist/default/debug\Lab10.X.debug.cmf -z -Q18F4520 \
  -oC:\Users\dodo9\AppData\Local\Temp\xcAskeg.4 --defsym=__MPLAB_BUILD=1 \
  --fixupoverflow=error -Mdist/default/debug/Lab10.X.debug.map \
  --md=C:\Users\dodo9\AppData\Local\Temp\xcAskeg.dat -E1 -ver=XC8 Compiler \
  --acfsm=1493 -ACODE=00h-07DBFh -ACONST=00h-07DBFh \
  -ASMALLCONST=0600h-06FFhx119,07D00h-07DBFh -AMEDIUMCONST=0600h-07DBFh \
  -ACOMRAM=01h-07Fh -AABS1=00h-05F3h -ABIGRAM=01h-05F3h \
  -ARAM=080h-0FFh,0100h-01FFhx4,0500h-05F3h -ABANK0=080h-0FFh \
  -ABANK1=0100h-01FFh -ABANK2=0200h-02FFh -ABANK3=0300h-03FFh \
  -ABANK4=0400h-04FFh -ABANK5=0500h-05F3h \
  -ASFR=0F80h-0F9Bh,0F9Dh-0FD3h,0FD5h-0FDAh,0FE0h-0FE2h,0FE8h-0FEAh,0FF0h-0FFCh \
  -ABIGSFR=0F80h-0F9Bh,0F9Dh-0FD3h,0FD5h-0FDAh,0FE0h-0FE2h,0FE8h-0FEAh,0FF0h-0FFCh \
  -ACONFIG=0300000h-030000Dh -AIDLOC=0200000h-0200007h \
  -AEEDATA=0F00000h-0F000FFh -peeprom_data=EEDATA \
  -preset_vec=00h,intcode=08h,intcodelo=018h,powerup,init -pramtop=0600h \
  -psmallconst=SMALLCONST -pmediumconst=MEDIUMCONST -pconst=CONST \
  -AFARRAM=00h-00h \
  -prdata=COMRAM,nvrram=COMRAM,nvbit=COMRAM,rbss=COMRAM,rbit=COMRAM \
  -pfarbss=FARRAM,fardata=FARRAM,nvFARRAM=FARRAM \
  -pintsave_regs=BIGRAM,bigbss=BIGRAM,bigdata=BIGRAM -pbss=RAM \
  -pidata=CODE,irdata=CODE,ibigdata=CODE,ifardata=CODE -prparam=COMRAM \
  C:\Users\dodo9\AppData\Local\Temp\xcAskeg.o \
  dist/default/debug\Lab10.X.debug.o 

Object code version is 3.11

Machine type is 18F4520



                Name                               Link     Load   Length Selector   Space Scale
C:\Users\dodo9\AppData\Local\Temp\xcAskeg.o
                idloc                            200000   200000        8        0       5
                config                           300000   300000        E        0       4
                init                                 6C       6C        4        C       0
                reset_vec                             0        0        4        0       0
dist/default/debug\Lab10.X.debug.o
                intcodelo                            18       18       54        C       0
                intcode                               8        8        6        4       0
                idloc                            200000   200000        8        0       5
                config                           300000   300000        E        0       4
                temp                                 61       61        1        1       1
                smallconst                          600      600        4      300       0
                text20                              A0E      A0E       42      302       0
                text19                              B8C      B8C        A      302       0
                text18                              B6A      B6A       16      302       0
                text17                              A50      A50       40      302       0
                text16                              90E      90E       5C      302       0
                text15                              A90      A90       36      302       0
                text14                              AC6      AC6       26      302       0
                text13                              7D0      7D0       B0      302       0
                text12                              9BC      9BC       52      302       0
                intcode_body                        604      604      11C      302       0
                text10                              B54      B54       16      302       0
                text9                               720      720       B0      302       0
                text8                               96A      96A       52      302       0
                text6                               B3E      B3E       16      302       0
                text5                               B80      B80        C      302       0
                text4                               B9E      B9E        8      302       0
                text3                               B96      B96        8      302       0
                text2                               AEC      AEC       22      302       0
                text1                               B28      B28       16      302       0
                text0                               880      880       8E      302       0
                cstackCOMRAM                         41       41       20        1       1
                cstackBANK0                          80       80        9       80       1
                bssCOMRAM                             1        1       40        1       1
                cinit                               B0E      B0E       1A      302       0

TOTAL           Name                               Link     Load   Length     Space
        CLASS   CODE           
                intcodelo                            18       18       54         0
                intcode                               8        8        6         0
                init                                 6C       6C        4         0
                reset_vec                             0        0        4         0
                text20                              A0E      A0E       42         0
                text19                              B8C      B8C        A         0
                text18                              B6A      B6A       16         0
                text17                              A50      A50       40         0
                text16                              90E      90E       5C         0
                text15                              A90      A90       36         0
                text14                              AC6      AC6       26         0
                text13                              7D0      7D0       B0         0
                text12                              9BC      9BC       52         0
                intcode_body                        604      604      11C         0
                text10                              B54      B54       16         0
                text9                               720      720       B0         0
                text8                               96A      96A       52         0
                text6                               B3E      B3E       16         0
                text5                               B80      B80        C         0
                text4                               B9E      B9E        8         0
                text3                               B96      B96        8         0
                text2                               AEC      AEC       22         0
                text1                               B28      B28       16         0
                text0                               880      880       8E         0
                cinit                               B0E      B0E       1A         0

        CLASS   CONST          

        CLASS   SMALLCONST     
                smallconst                          600      600        4         0

        CLASS   MEDIUMCONST    

        CLASS   COMRAM         
                temp                                 61       61        1         1
                cstackCOMRAM                         41       41       20         1
                bssCOMRAM                             1        1       40         1

        CLASS   ABS1           

        CLASS   BIGRAM         

        CLASS   RAM            

        CLASS   BANK0          
                cstackBANK0                          80       80        9         1

        CLASS   BANK1          

        CLASS   BANK2          

        CLASS   BANK3          

        CLASS   BANK4          

        CLASS   BANK5          

        CLASS   SFR            

        CLASS   BIGSFR         

        CLASS   CONFIG         
                config                           300000   300000        E         4

        CLASS   IDLOC          
                idloc                            200000   200000        8         5

        CLASS   EEDATA         

        CLASS   FARRAM         

        CLASS   HEAP           

        CLASS   STACK          



SEGMENTS        Name                           Load    Length   Top    Selector   Space  Class

                reset_vec                      000000  000004  000004         0       0  CODE    
                bssCOMRAM                      000001  000061  000062         1       1  COMRAM  
                intcode                        000008  000006  00000E         4       0  CODE    
                intcodelo                      000018  000058  000070         C       0  CODE    
                cstackBANK0                    000080  000009  000089        80       1  BANK0   
                smallconst                     000600  000004  000604       300       0  SMALLCON
                intcode_body                   000604  0005A2  000BA6       302       0  CODE    


UNUSED ADDRESS RANGES

        Name                Unused          Largest block    Delta
        BANK0            000089-0000FF               77
        BANK1            000100-0001FF              100
        BANK2            000200-0002FF              100
        BANK3            000300-0003FF              100
        BANK4            000400-0004FF              100
        BANK5            000500-0005F3               F4
        BIGRAM           000062-00007F               1E
                         000089-0005F3              56B
        BIGSFR           000F80-000F9B               1C
                         000F9D-000FD3               37
                         000FD5-000FDA                6
                         000FE0-000FE2                3
                         000FE8-000FEA                3
                         000FF0-000FFC                D
        CODE             000004-000007                4
                         00000E-000017                A
                         000070-0005FF              590
                         000BA6-007DBF             721A
        COMRAM           000062-00007F               1E
        CONST            000004-000007                4
                         00000E-000017                A
                         000070-0005FF              590
                         000BA6-007DBF             721A
        EEDATA           F00000-F000FF              100
        MEDIUMCONST      000BA6-007DBF             721A
        RAM              000089-0005F3              100
        SFR              000F80-000F9B               1C
                         000F9D-000FD3               37
                         000FD5-000FDA                6
                         000FE0-000FE2                3
                         000FE8-000FEA                3
                         000FF0-000FFC                D
        SMALLCONST       000BA6-007DBF              100

                                  Symbol Table

?_GetString                    cstackCOMRAM 000041
?___awmod                      cstackCOMRAM 00005B
?_strlen                       cstackCOMRAM 000041
?i2___awmod                    cstackCOMRAM 000041
ClearBuffer@i                  cstackCOMRAM 000041
UART_Write@data                cstackCOMRAM 00005B
UART_Write_Text@i              cstackCOMRAM 000044
UART_Write_Text@text           cstackCOMRAM 000042
_ADCON0bits                    (abs)        000FC2
_ADCON1                        (abs)        000FC1
_ADCON2bits                    (abs)        000FC0
_ADC_Initialize                text6        000B3E
_ADFM                          (abs)        007E07
_ADRESH                        (abs)        000FC4
_ADRESL                        (abs)        000FC3
_BAUDCONbits                   (abs)        000FB8
_CCP1CON                       (abs)        000FBD
_CCP1_Initialize               text5        000B80
_CREN                          (abs)        007D5C
_ClearBuffer                   text20       000A0E
_GetString                     text19       000B8C
_Hi_ISR                        intcode      000008
_INTCONbits                    (abs)        000FF2
_INTERRUPT_Initialize          text4        000B9E
_IPR1bits                      (abs)        000F9F
_IRCF0                         (abs)        007E9C
_IRCF1                         (abs)        007E9D
_IRCF2                         (abs)        007E9E
_LATA                          (abs)        000F89
_Lo_ISR                        intcodelo    000018
_MyusartRead                   text8        00096A
_OSCILLATOR_Initialize         text3        000B96
_PIE1bits                      (abs)        000F9D
_PIR1bits                      (abs)        000F9E
_PR2                           (abs)        000FCB
_RCIF                          (abs)        007CF5
_RCONbits                      (abs)        000FD0
_RCREG                         (abs)        000FAE
_RCSTAbits                     (abs)        000FAB
_SPBRG                         (abs)        000FAF
_SYSTEM_Initialize             text1        000B28
_T2CON                         (abs)        000FCA
_TRISA                         (abs)        000F92
_TRISCbits                     (abs)        000F94
_TXREG                         (abs)        000FAD
_TXSTAbits                     (abs)        000FAC
_UART_Initialize               text2        000AEC
_UART_Write                    text10       000B54
_UART_Write_Text               text17       000A50
__HRAM                         (abs)        000000
__Habs1                        abs1         000000
__Hbank0                       bank0        000000
__Hbank1                       bank1        000000
__Hbank2                       bank2        000000
__Hbank3                       bank3        000000
__Hbank4                       bank4        000000
__Hbank5                       bank5        000000
__Hbigbss                      bigbss       000000
__Hbigdata                     bigdata      000000
__Hbigram                      bigram       000000
__Hbigsfr                      bigsfr       000000
__Hbss                         bss          000000
__HbssCOMRAM                   bssCOMRAM    000000
__Hcinit                       cinit        000000
__Hclrtext                     clrtext      000000
__Hcomram                      comram       000000
__Hconfig                      config       30000E
__Hconst                       const        000000
__HcstackBANK0                 cstackBANK0  000000
__HcstackCOMRAM                cstackCOMRAM 000000
__Hdata                        data         000000
__Heeprom_data                 eeprom_data  000000
__Hfarbss                      farbss       000000
__Hfardata                     fardata      000000
__Hheap                        heap         000000
__Hibigdata                    ibigdata     000000
__Hidata                       idata        000000
__Hidloc                       idloc        200008
__Hifardata                    ifardata     000000
__Hinit                        init         000070
__Hintcode                     intcode      00000E
__Hintcode_body                intcode_body 000000
__Hintcodelo                   intcodelo    00006C
__Hintentry                    intentry     000000
__Hintret                      intret       000000
__Hintsave_regs                intsave_regs 000000
__Hirdata                      irdata       000000
__Hmediumconst                 mediumconst  000000
__HnvFARRAM                    nvFARRAM     000000
__Hnvbit                       nvbit        000000
__Hnvrram                      nvrram       000000
__Hparam                       rparam       000000
__Hpowerup                     powerup      00006C
__Hram                         ram          000000
__Hramtop                      ramtop       000600
__Hrbit                        rbit         000000
__Hrbss                        rbss         000000
__Hrdata                       rdata        000000
__Hreset_vec                   reset_vec    000004
__Hrparam                      rparam       000000
__Hsfr                         sfr          000000
__Hsmallconst                  smallconst   000604
__Hspace_0                     (abs)        000BA6
__Hspace_1                     (abs)        000089
__Hspace_2                     (abs)        000000
__Hspace_4                     (abs)        60000E
__Hstack                       stack        000000
__Hstruct                      struct       000000
__Htemp                        temp         000062
__Htext                        text         000000
__Htext0                       text0        000000
__Htext1                       text1        000000
__Htext10                      text10       000000
__Htext12                      text12       000000
__Htext13                      text13       000000
__Htext14                      text14       000000
__Htext15                      text15       000000
__Htext16                      text16       000000
__Htext17                      text17       000000
__Htext18                      text18       000000
__Htext19                      text19       000000
__Htext2                       text2        000000
__Htext20                      text20       000000
__Htext3                       text3        000000
__Htext4                       text4        000000
__Htext5                       text5        000000
__Htext6                       text6        000000
__Htext8                       text8        000000
__Htext9                       text9        000000
__LRAM                         (abs)        000001
__Labs1                        abs1         000000
__Lbank0                       bank0        000000
__Lbank1                       bank1        000000
__Lbank2                       bank2        000000
__Lbank3                       bank3        000000
__Lbank4                       bank4        000000
__Lbank5                       bank5        000000
__Lbigbss                      bigbss       000000
__Lbigdata                     bigdata      000000
__Lbigram                      bigram       000000
__Lbigsfr                      bigsfr       000000
__Lbss                         bss          000000
__LbssCOMRAM                   bssCOMRAM    000000
__Lcinit                       cinit        000000
__Lclrtext                     clrtext      000000
__Lcomram                      comram       000000
__Lconfig                      config       000000
__Lconst                       const        000000
__LcstackBANK0                 cstackBANK0  000000
__LcstackCOMRAM                cstackCOMRAM 000000
__Ldata                        data         000000
__Leeprom_data                 eeprom_data  000000
__Lfarbss                      farbss       000000
__Lfardata                     fardata      000000
__Lheap                        heap         000000
__Libigdata                    ibigdata     000000
__Lidata                       idata        000000
__Lidloc                       idloc        000000
__Lifardata                    ifardata     000000
__Linit                        init         00006C
__Lintcode                     intcode      000008
__Lintcode_body                intcode_body 000000
__Lintcodelo                   intcodelo    000018
__Lintentry                    intentry     000000
__Lintret                      intret       000000
__Lintsave_regs                intsave_regs 000000
__Lirdata                      irdata       000000
__Lmediumconst                 mediumconst  000000
__LnvFARRAM                    nvFARRAM     000000
__Lnvbit                       nvbit        000000
__Lnvrram                      nvrram       000000
__Lparam                       rparam       000000
__Lpowerup                     powerup      00006C
__Lram                         ram          000000
__Lramtop                      ramtop       000600
__Lrbit                        rbit         000000
__Lrbss                        rbss         000000
__Lrdata                       rdata        000000
__Lreset_vec                   reset_vec    000000
__Lrparam                      rparam       000000
__Lsfr                         sfr          000000
__Lsmallconst                  smallconst   000600
__Lspace_0                     (abs)        000000
__Lspace_1                     (abs)        000000
__Lspace_2                     (abs)        000000
__Lspace_4                     (abs)        000000
__Lstack                       stack        000000
__Lstruct                      struct       000000
__Ltemp                        temp         000061
__Ltext                        text         000000
__Ltext0                       text0        000000
__Ltext1                       text1        000000
__Ltext10                      text10       000000
__Ltext12                      text12       000000
__Ltext13                      text13       000000
__Ltext14                      text14       000000
__Ltext15                      text15       000000
__Ltext16                      text16       000000
__Ltext17                      text17       000000
__Ltext18                      text18       000000
__Ltext19                      text19       000000
__Ltext2                       text2        000000
__Ltext20                      text20       000000
__Ltext3                       text3        000000
__Ltext4                       text4        000000
__Ltext5                       text5        000000
__Ltext6                       text6        000000
__Ltext8                       text8        000000
__Ltext9                       text9        000000
__S0                           (abs)        000BA6
__S1                           (abs)        000089
__S4                           (abs)        000000
__S5                           (abs)        000000
___awmod                       text9        000720
___awmod@counter               cstackCOMRAM 00005F
___awmod@dividend              cstackCOMRAM 00005B
___awmod@divisor               cstackCOMRAM 00005D
___awmod@sign                  cstackCOMRAM 000060
___heap_hi                     (abs)        000000
___heap_lo                     (abs)        000000
___inthi_sp                    stack        000000
___intlo_sp                    stack        000000
___param_bank                  (abs)        000000
___rparam_used                 (abs)        000001
___sp                          stack        000000
__accesstop                    (abs)        000080
__activetblptr                 (abs)        000002
__end_of_ADC_Initialize        text6        000B54
__end_of_CCP1_Initialize       text5        000B8C
__end_of_ClearBuffer           text20       000A50
__end_of_GetString             text19       000B96
__end_of_Hi_ISR                intcode_body 000720
__end_of_INTERRUPT_Initialize  text4        000BA6
__end_of_Lo_ISR                intcodelo    00006C
__end_of_MyusartRead           text8        0009BC
__end_of_OSCILLATOR_Initialize text3        000B9E
__end_of_SYSTEM_Initialize     text1        000B3E
__end_of_UART_Initialize       text2        000B0E
__end_of_UART_Write            text10       000B6A
__end_of_UART_Write_Text       text17       000A90
__end_of___awmod               text9        0007D0
__end_of__initialization       cinit        000B1A
__end_of_main                  text0        00090E
__end_of_strcat                text14       000AEC
__end_of_strcpy                text16       00096A
__end_of_strlen                text15       000AC6
__end_ofi2_MyusartRead         text12       000A0E
__end_ofi2_UART_Write          text18       000B80
__end_ofi2___awmod             text13       000880
__initialization               cinit        000B0E
__mediumconst                  mediumconst  000000
__pbssCOMRAM                   bssCOMRAM    000001
__pcinit                       cinit        000B0E
__pcstackBANK0                 cstackBANK0  000080
__pcstackCOMRAM                cstackCOMRAM 000041
__pintcode                     intcode      000008
__pintcode_body                intcode_body 000604
__pintcodelo                   intcodelo    000018
__psmallconst                  smallconst   000600
__ptext0                       text0        000880
__ptext1                       text1        000B28
__ptext10                      text10       000B54
__ptext12                      text12       0009BC
__ptext13                      text13       0007D0
__ptext14                      text14       000AC6
__ptext15                      text15       000A90
__ptext16                      text16       00090E
__ptext17                      text17       000A50
__ptext18                      text18       000B6A
__ptext19                      text19       000B8C
__ptext2                       text2        000AEC
__ptext20                      text20       000A0E
__ptext3                       text3        000B96
__ptext4                       text4        000B9E
__ptext5                       text5        000B80
__ptext6                       text6        000B3E
__ptext8                       text8        00096A
__ptext9                       text9        000720
__ramtop                       ramtop       000600
__smallconst                   smallconst   000600
_lenStr                        bssCOMRAM    000001
_lightmode                     bssCOMRAM    000003
_main                          text0        000880
_main$169                      cstackBANK0  000085
_mystring                      bssCOMRAM    000005
_state                         bssCOMRAM    000019
_str                           bssCOMRAM    00002D
_strcat                        text14       000AC6
_strcpy                        text16       00090E
_strlen                        text15       000A90
btemp                          temp         000061
end_of_initialization          cinit        000B1A
i2UART_Write@data              cstackCOMRAM 000041
i2_MyusartRead                 text12       0009BC
i2_UART_Write                  text18       000B6A
i2___awmod                     text13       0007D0
i2___awmod@counter             cstackCOMRAM 000045
i2___awmod@dividend            cstackCOMRAM 000041
i2___awmod@divisor             cstackCOMRAM 000043
i2___awmod@sign                cstackCOMRAM 000046
int$flags                      temp         000061
int_func                       intcode_body 000604
intlevel0                      text         000000
intlevel1                      text         000000
intlevel2                      text         000000
intlevel3                      text         000000
isa$std                        (abs)        000001
isa$xinst                      (abs)        000000
main@count                     cstackBANK0  000087
stackhi                        (abs)        000000
stacklo                        (abs)        000000
start                          init         00006C
start_initialization           cinit        000B0E
strcat@dest                    cstackCOMRAM 00004F
strcat@src                     cstackCOMRAM 000051
strcpy@d                       cstackCOMRAM 00004D
strcpy@dest                    cstackCOMRAM 000045
strcpy@s                       cstackCOMRAM 00004B
strcpy@src                     cstackCOMRAM 000047
strlen@a                       cstackCOMRAM 000043
strlen@s                       cstackCOMRAM 000041
ttemp5                         temp         000062
ttemp6                         temp         000065
ttemp7                         temp         000069
wtemp8                         temp         000062


MODULE INFORMATION

Module		Function		Class		Link	Load	Size
setting_hardaware/interrupt_manager.c
		_INTERRUPT_Initialize		CODE           	0B9E	0000	8

setting_hardaware/interrupt_manager.c estimated size: 8

setting_hardaware/uart.c
		_Lo_ISR        		CODE           	0018	0000	84
		_MyusartRead   		CODE           	096A	0000	82
		_UART_Write_Text		CODE           	0A50	0000	64
		_GetString     		CODE           	0B8C	0000	10
		_ClearBuffer   		CODE           	0A0E	0000	66
		_UART_Initialize		CODE           	0AEC	0000	34
		_UART_Write    		CODE           	0B54	0000	22

setting_hardaware/uart.c estimated size: 362

setting_hardaware/ccp1.c
		_CCP1_Initialize		CODE           	0B80	0000	12

setting_hardaware/ccp1.c estimated size: 12

setting_hardaware/adc.c
		_ADC_Initialize		CODE           	0B3E	0000	22

setting_hardaware/adc.c estimated size: 22

C:\Program Files\Microchip\xc8\v2.40\pic\sources\c99\common\strcat.c
		_strcat        		CODE           	0AC6	0000	38

C:\Program Files\Microchip\xc8\v2.40\pic\sources\c99\common\strcat.c estimated size: 38

C:\Program Files\Microchip\xc8\v2.40\pic\sources\c99\common\strlen.c
		_strlen        		CODE           	0A90	0000	54

C:\Program Files\Microchip\xc8\v2.40\pic\sources\c99\common\strlen.c estimated size: 54

shared
		i2_UART_Write  		CODE           	0B6A	0000	22
		__initialization		CODE           	0B0E	0000	12
		i2___awmod     		CODE           	07D0	0000	176
		i2_MyusartRead 		CODE           	09BC	0000	82

shared estimated size: 292

C:\Program Files\Microchip\xc8\v2.40\pic\sources\c99\common\strcpy.c
		_strcpy        		CODE           	090E	0000	92

C:\Program Files\Microchip\xc8\v2.40\pic\sources\c99\common\strcpy.c estimated size: 92

setting_hardaware/setting.c
		_OSCILLATOR_Initialize		CODE           	0B96	0000	8
		_SYSTEM_Initialize		CODE           	0B28	0000	22

setting_hardaware/setting.c estimated size: 30

C:\Program Files\Microchip\xc8\v2.40\pic\sources\c99\common\awmod.c
		___awmod       		CODE           	0720	0000	176

C:\Program Files\Microchip\xc8\v2.40\pic\sources\c99\common\awmod.c estimated size: 176

main.c
		_main          		CODE           	0880	0000	142
		_Hi_ISR        		CODE           	0008	0000	290

main.c estimated size: 432

