Microchip MPLAB XC8 Compiler V2.40

Linker command line:

-W-3 \
  --edf=C:\Program Files\Microchip\xc8\v2.40\pic\dat\20220703182018_en.msgs \
  -cn -h+dist/default/debug\Lab08.X.debug.sym \
  --cmf=dist/default/debug\Lab08.X.debug.cmf -z -Q18F4520 \
  -oC:\Users\dodo9\AppData\Local\Temp\xcAs894.4 --defsym=__MPLAB_BUILD=1 \
  --fixupoverflow=error -Mdist/default/debug/Lab08.X.debug.map \
  --md=C:\Users\dodo9\AppData\Local\Temp\xcAs894.dat -E1 -ver=XC8 Compiler \
  --acfsm=1493 -ACODE=00h-07DBFh -ACONST=00h-07DBFh \
  -ASMALLCONST=0600h-06FFhx119,07D00h-07DBFh -AMEDIUMCONST=0600h-07DBFh \
  -ACOMRAM=01h-07Fh -AABS1=00h-05F3h -ABIGRAM=01h-05F3h \
  -ARAM=080h-0FFh,0100h-01FFhx4,0500h-05F3h -ABANK0=080h-0FFh \
  -ABANK1=0100h-01FFh -ABANK2=0200h-02FFh -ABANK3=0300h-03FFh \
  -ABANK4=0400h-04FFh -ABANK5=0500h-05F3h \
  -ASFR=0F80h-0F9Bh,0F9Dh-0FD3h,0FD5h-0FDAh,0FE0h-0FE2h,0FE8h-0FEAh,0FF0h-0FFCh \
  -ABIGSFR=0F80h-0F9Bh,0F9Dh-0FD3h,0FD5h-0FDAh,0FE0h-0FE2h,0FE8h-0FEAh,0FF0h-0FFCh \
  -ACONFIG=0300000h-030000Dh -AIDLOC=0200000h-0200007h \
  -AEEDATA=0F00000h-0F000FFh -peeprom_data=EEDATA \
  -preset_vec=00h,intcode,intcodelo,powerup,init -pramtop=0600h \
  -psmallconst=SMALLCONST -pmediumconst=MEDIUMCONST -pconst=CONST \
  -AFARRAM=00h-00h \
  -prdata=COMRAM,nvrram=COMRAM,nvbit=COMRAM,rbss=COMRAM,rbit=COMRAM \
  -pfarbss=FARRAM,fardata=FARRAM,nvFARRAM=FARRAM \
  -pintsave_regs=BIGRAM,bigbss=BIGRAM,bigdata=BIGRAM -pbss=RAM \
  -pidata=CODE,irdata=CODE,ibigdata=CODE,ifardata=CODE -prparam=COMRAM \
  C:\Users\dodo9\AppData\Local\Temp\xcAs894.o \
  dist/default/debug\Lab08.X.debug.o 

Object code version is 3.11

Machine type is 18F4520



                Name                               Link     Load   Length Selector   Space Scale
C:\Users\dodo9\AppData\Local\Temp\xcAs894.o
                idloc                            200000   200000        8        0       5
                config                           300000   300000        E        0       4
                init                                  0        0        4        0       0
dist/default/debug\Lab08.X.debug.o
                idloc                            200000   200000        8        0       5
                config                           300000   300000        E        0       4
                text7                              6ED0     6ED0       C4     3768       0
                text6                              7900     7900      4C0     3C80       0
                text5                              6E26     6E26       AA     3713       0
                text4                              74D6     74D6      42A     3A6B       0
                text3                              6F94     6F94      106     37CA       0
                text2                              6E00     6E00       26     3700       0
                text1                              709A     709A      1B4     384D       0
                text0                              724E     724E      288     3927       0
                cstackCOMRAM                          1        1       54        1       1
                cinit                              6DFA     6DFA        6     36FD       0

TOTAL           Name                               Link     Load   Length     Space
        CLASS   CODE           
                init                                  0        0        4         0
                text7                              6ED0     6ED0       C4         0
                text6                              7900     7900      4C0         0
                text5                              6E26     6E26       AA         0
                text4                              74D6     74D6      42A         0
                text3                              6F94     6F94      106         0
                text2                              6E00     6E00       26         0
                text1                              709A     709A      1B4         0
                text0                              724E     724E      288         0
                cinit                              6DFA     6DFA        6         0

        CLASS   CONST          

        CLASS   SMALLCONST     

        CLASS   MEDIUMCONST    

        CLASS   COMRAM         
                cstackCOMRAM                          1        1       54         1

        CLASS   ABS1           

        CLASS   BIGRAM         

        CLASS   RAM            

        CLASS   BANK0          

        CLASS   BANK1          

        CLASS   BANK2          

        CLASS   BANK3          

        CLASS   BANK4          

        CLASS   BANK5          

        CLASS   SFR            

        CLASS   BIGSFR         

        CLASS   CONFIG         
                config                           300000   300000        E         4

        CLASS   IDLOC          
                idloc                            200000   200000        8         5

        CLASS   EEDATA         

        CLASS   FARRAM         

        CLASS   HEAP           

        CLASS   STACK          



SEGMENTS        Name                           Load    Length   Top    Selector   Space  Class

                reset_vec                      000000  000004  000004         0       0  CODE    
                cstackCOMRAM                   000001  000054  000055         1       1  COMRAM  
                cinit                          006DFA  000006  006E00      36FD       0  CODE    
                text2                          006E00  000026  006E26      3700       0  CODE    
                text5                          006E26  0000AA  006ED0      3713       0  CODE    
                text7                          006ED0  0000C4  006F94      3768       0  CODE    
                text3                          006F94  000106  00709A      37CA       0  CODE    
                text1                          00709A  0001B4  00724E      384D       0  CODE    
                text0                          00724E  000288  0074D6      3927       0  CODE    
                text4                          0074D6  00042A  007900      3A6B       0  CODE    
                text6                          007900  0004C0  007DC0      3C80       0  CODE    


UNUSED ADDRESS RANGES

        Name                Unused          Largest block    Delta
        BANK0            000080-0000FF               80
        BANK1            000100-0001FF              100
        BANK2            000200-0002FF              100
        BANK3            000300-0003FF              100
        BANK4            000400-0004FF              100
        BANK5            000500-0005F3               F4
        BIGRAM           000055-0005F3              59F
        BIGSFR           000F80-000F9B               1C
                         000F9D-000FD3               37
                         000FD5-000FDA                6
                         000FE0-000FE2                3
                         000FE8-000FEA                3
                         000FF0-000FFC                D
        CODE             000004-006DF9             6DF6
        COMRAM           000055-00007F               2B
        CONST            000004-006DF9             6DF6
        EEDATA           F00000-F000FF              100
        MEDIUMCONST      000600-006DF9             67FA
        RAM              000080-0005F3              100
        SFR              000F80-000F9B               1C
                         000F9D-000FD3               37
                         000FD5-000FDA                6
                         000FE0-000FE2                3
                         000FE8-000FEA                3
                         000FF0-000FFC                D
        SMALLCONST       000600-006DF9              100

                                  Symbol Table

?___awdiv                cstackCOMRAM 000001
?___fladd                cstackCOMRAM 000030
?___flmul                cstackCOMRAM 000017
?___fltol                cstackCOMRAM 000040
?___wmul                 cstackCOMRAM 000001
?___xxtofl               cstackCOMRAM 000009
_CCP1CONbits             (abs)        000FBD
_CCPR1L                  (abs)        000FBE
_INTCONbits              (abs)        000FF2
_LATA                    (abs)        000F89
_LATC                    (abs)        000F8B
_OSCCONbits              (abs)        000FD3
_PORTA                   (abs)        000F80
_PORTB                   (abs)        000F81
_PR2                     (abs)        000FCB
_T0CON                   (abs)        000FD5
_T2CONbits               (abs)        000FCA
_TMR0L                   (abs)        000FD6
_TRISA                   (abs)        000F92
_TRISB                   (abs)        000F93
_TRISC                   (abs)        000F94
__HRAM                   (abs)        000000
__Habs1                  abs1         000000
__Hbank0                 bank0        000000
__Hbank1                 bank1        000000
__Hbank2                 bank2        000000
__Hbank3                 bank3        000000
__Hbank4                 bank4        000000
__Hbank5                 bank5        000000
__Hbigbss                bigbss       000000
__Hbigdata               bigdata      000000
__Hbigram                bigram       000000
__Hbigsfr                bigsfr       000000
__Hbss                   bss          000000
__Hcinit                 cinit        000000
__Hclrtext               clrtext      000000
__Hcomram                comram       000000
__Hconfig                config       30000E
__Hconst                 const        000000
__HcstackCOMRAM          cstackCOMRAM 000000
__Hdata                  data         000000
__Heeprom_data           eeprom_data  000000
__Hfarbss                farbss       000000
__Hfardata               fardata      000000
__Hheap                  heap         000000
__Hibigdata              ibigdata     000000
__Hidata                 idata        000000
__Hidloc                 idloc        200008
__Hifardata              ifardata     000000
__Hinit                  init         000004
__Hintcode               intcode      000000
__Hintcode_body          intcode_body 000000
__Hintcodelo             intcodelo    000000
__Hintentry              intentry     000000
__Hintret                intret       000000
__Hintsave_regs          intsave_regs 000000
__Hirdata                irdata       000000
__Hmediumconst           mediumconst  000000
__HnvFARRAM              nvFARRAM     000000
__Hnvbit                 nvbit        000000
__Hnvrram                nvrram       000000
__Hparam                 rparam       000000
__Hpowerup               powerup      000000
__Hram                   ram          000000
__Hramtop                ramtop       000600
__Hrbit                  rbit         000000
__Hrbss                  rbss         000000
__Hrdata                 rdata        000000
__Hreset_vec             reset_vec    000000
__Hrparam                rparam       000000
__Hsfr                   sfr          000000
__Hsmallconst            smallconst   000000
__Hspace_0               (abs)        007DC0
__Hspace_1               (abs)        000055
__Hspace_2               (abs)        000000
__Hspace_4               (abs)        60000E
__Hstack                 stack        000000
__Hstruct                struct       000000
__Htemp                  temp         000000
__Htext                  text         000000
__Htext0                 text0        000000
__Htext1                 text1        000000
__Htext2                 text2        000000
__Htext3                 text3        000000
__Htext4                 text4        000000
__Htext5                 text5        000000
__Htext6                 text6        000000
__Htext7                 text7        000000
__LRAM                   (abs)        000001
__Labs1                  abs1         000000
__Lbank0                 bank0        000000
__Lbank1                 bank1        000000
__Lbank2                 bank2        000000
__Lbank3                 bank3        000000
__Lbank4                 bank4        000000
__Lbank5                 bank5        000000
__Lbigbss                bigbss       000000
__Lbigdata               bigdata      000000
__Lbigram                bigram       000000
__Lbigsfr                bigsfr       000000
__Lbss                   bss          000000
__Lcinit                 cinit        000000
__Lclrtext               clrtext      000000
__Lcomram                comram       000000
__Lconfig                config       000000
__Lconst                 const        000000
__LcstackCOMRAM          cstackCOMRAM 000000
__Ldata                  data         000000
__Leeprom_data           eeprom_data  000000
__Lfarbss                farbss       000000
__Lfardata               fardata      000000
__Lheap                  heap         000000
__Libigdata              ibigdata     000000
__Lidata                 idata        000000
__Lidloc                 idloc        000000
__Lifardata              ifardata     000000
__Linit                  init         000000
__Lintcode               intcode      000000
__Lintcode_body          intcode_body 000000
__Lintcodelo             intcodelo    000000
__Lintentry              intentry     000000
__Lintret                intret       000000
__Lintsave_regs          intsave_regs 000000
__Lirdata                irdata       000000
__Lmediumconst           mediumconst  000000
__LnvFARRAM              nvFARRAM     000000
__Lnvbit                 nvbit        000000
__Lnvrram                nvrram       000000
__Lparam                 rparam       000000
__Lpowerup               powerup      000000
__Lram                   ram          000000
__Lramtop                ramtop       000600
__Lrbit                  rbit         000000
__Lrbss                  rbss         000000
__Lrdata                 rdata        000000
__Lreset_vec             reset_vec    000000
__Lrparam                rparam       000000
__Lsfr                   sfr          000000
__Lsmallconst            smallconst   000000
__Lspace_0               (abs)        000000
__Lspace_1               (abs)        000000
__Lspace_2               (abs)        000000
__Lspace_4               (abs)        000000
__Lstack                 stack        000000
__Lstruct                struct       000000
__Ltemp                  temp         000000
__Ltext                  text         000000
__Ltext0                 text0        000000
__Ltext1                 text1        000000
__Ltext2                 text2        000000
__Ltext3                 text3        000000
__Ltext4                 text4        000000
__Ltext5                 text5        000000
__Ltext6                 text6        000000
__Ltext7                 text7        000000
__S0                     (abs)        007DC0
__S1                     (abs)        000055
__S4                     (abs)        000000
__S5                     (abs)        000000
___awdiv                 text7        006ED0
___awdiv@counter         cstackCOMRAM 000005
___awdiv@dividend        cstackCOMRAM 000001
___awdiv@divisor         cstackCOMRAM 000003
___awdiv@quotient        cstackCOMRAM 000007
___awdiv@sign            cstackCOMRAM 000006
___fladd                 text6        007900
___fladd@a               cstackCOMRAM 000034
___fladd@aexp            cstackCOMRAM 00003D
___fladd@b               cstackCOMRAM 000030
___fladd@bexp            cstackCOMRAM 00003E
___fladd@grs             cstackCOMRAM 00003F
___fladd@signs           cstackCOMRAM 00003C
___fleq                  text5        006E26
___fleq@ff1              cstackCOMRAM 000040
___fleq@ff2              cstackCOMRAM 000044
___flmul                 text4        0074D6
___flmul@a               cstackCOMRAM 00001B
___flmul@aexp            cstackCOMRAM 000028
___flmul@b               cstackCOMRAM 000017
___flmul@bexp            cstackCOMRAM 000029
___flmul@grs             cstackCOMRAM 000024
___flmul@prod            cstackCOMRAM 00002A
___flmul@sign            cstackCOMRAM 000023
___flmul@temp            cstackCOMRAM 00002E
___fltol                 text3        006F94
___fltol@exp1            cstackCOMRAM 000049
___fltol@f1              cstackCOMRAM 000040
___fltol@sign1           cstackCOMRAM 000048
___heap_hi               (abs)        000000
___heap_lo               (abs)        000000
___inthi_sp              stack        000000
___intlo_sp              stack        000000
___param_bank            (abs)        000000
___rparam_used           (abs)        000001
___sp                    stack        000000
___wmul                  text2        006E00
___wmul@multiplicand     cstackCOMRAM 000003
___wmul@multiplier       cstackCOMRAM 000001
___wmul@product          cstackCOMRAM 000005
___xxtofl                text1        00709A
___xxtofl@arg            cstackCOMRAM 000013
___xxtofl@exp            cstackCOMRAM 000012
___xxtofl@sign           cstackCOMRAM 000011
___xxtofl@val            cstackCOMRAM 000009
__accesstop              (abs)        000080
__activetblptr           (abs)        000000
__end_of___awdiv         text7        006F94
__end_of___fladd         text6        007DC0
__end_of___fleq          text5        006ED0
__end_of___flmul         text4        007900
__end_of___fltol         text3        00709A
__end_of___wmul          text2        006E26
__end_of___xxtofl        text1        00724E
__end_of__initialization cinit        006DFA
__end_of_main            text0        0074D6
__initialization         cinit        006DFA
__mediumconst            mediumconst  000000
__pcinit                 cinit        006DFA
__pcstackCOMRAM          cstackCOMRAM 000001
__ptext0                 text0        00724E
__ptext1                 text1        00709A
__ptext2                 text2        006E00
__ptext3                 text3        006F94
__ptext4                 text4        0074D6
__ptext5                 text5        006E26
__ptext6                 text6        007900
__ptext7                 text7        006ED0
__ramtop                 ramtop       000600
__smallconst             smallconst   000000
_main                    text0        00724E
end_of_initialization    cinit        006DFA
intlevel0                text         000000
intlevel1                text         000000
intlevel2                text         000000
intlevel3                text         000000
isa$std                  (abs)        000001
isa$xinst                (abs)        000000
main@count               cstackCOMRAM 00004D
main@cycle               cstackCOMRAM 000053
main@dire                cstackCOMRAM 000051
main@n                   cstackCOMRAM 00004F
stackhi                  (abs)        000000
stacklo                  (abs)        000000
start                    init         000000
start_initialization     cinit        006DFA


MODULE INFORMATION

Module		Function		Class		Link	Load	Size
C:\Program Files\Microchip\xc8\v2.40\pic\sources\c99\common\sprcmul.c
		___flmul       		CODE           	74D6	0000	1066

C:\Program Files\Microchip\xc8\v2.40\pic\sources\c99\common\sprcmul.c estimated size: 1066

C:\Program Files\Microchip\xc8\v2.40\pic\sources\c99\common\awdiv.c
		___awdiv       		CODE           	6ED0	0000	196

C:\Program Files\Microchip\xc8\v2.40\pic\sources\c99\common\awdiv.c estimated size: 196

C:\Program Files\Microchip\xc8\v2.40\pic\sources\c99\common\fltol.c
		___fltol       		CODE           	6F94	0000	262

C:\Program Files\Microchip\xc8\v2.40\pic\sources\c99\common\fltol.c estimated size: 262

C:\Program Files\Microchip\xc8\v2.40\pic\sources\c99\common\Umul16.c
		___wmul        		CODE           	6E00	0000	38

C:\Program Files\Microchip\xc8\v2.40\pic\sources\c99\common\Umul16.c estimated size: 38

C:\Program Files\Microchip\xc8\v2.40\pic\sources\c99\common\fleq.c
		___fleq        		CODE           	6E26	0000	170

C:\Program Files\Microchip\xc8\v2.40\pic\sources\c99\common\fleq.c estimated size: 170

C:\Program Files\Microchip\xc8\v2.40\pic\sources\c99\common\sprcadd.c
		___fladd       		CODE           	7900	0000	1216

C:\Program Files\Microchip\xc8\v2.40\pic\sources\c99\common\sprcadd.c estimated size: 1216

C:\Program Files\Microchip\xc8\v2.40\pic\sources\c99\common\xxtofl.c
		___xxtofl      		CODE           	709A	0000	436

C:\Program Files\Microchip\xc8\v2.40\pic\sources\c99\common\xxtofl.c estimated size: 436

shared
		__initialization		CODE           	6DFA	0000	1

shared estimated size: 1

basic.c
		_main          		CODE           	724E	0000	648

basic.c estimated size: 648

