MPLINK 5.09, LINKER
Linker Map File - Created Wed Sep 21 23:43:39 2022

                                 Section Info
                  Section       Type    Address   Location Size(Bytes)
                ---------  ---------  ---------  ---------  ---------
                   .org_0       code   0x000000    program   0x000088
                   .cinit    romdata   0x000088    program   0x000002
.config_300001_BUILD/DEFAULT/DEBUG/BONUS.O    romdata   0x300001    program   0x000001
.config_300003_BUILD/DEFAULT/DEBUG/BONUS.O    romdata   0x300003    program   0x000001



                              Program Memory Usage 
                               Start         End      
                           ---------   ---------      
                            0x000000    0x000089      
                            0x300001    0x300001      
                            0x300003    0x300003      
            140 out of 33048 program addresses used, program memory utilization is 0%



                              Symbols - Sorted by Name
                     Name    Address   Location    Storage File                     
                ---------  ---------  ---------  --------- ---------                
                   Inital   0x000000    program     static C:\Users\dodo9\MPLABXProjects\Lab02.X\Bonus.asm
                Otherwise   0x00007c    program     static C:\Users\dodo9\MPLABXProjects\Lab02.X\Bonus.asm
                    Start   0x000066    program     static C:\Users\dodo9\MPLABXProjects\Lab02.X\Bonus.asm
              Termination   0x000086    program     static C:\Users\dodo9\MPLABXProjects\Lab02.X\Bonus.asm



                              Symbols - Sorted by Address
                     Name    Address   Location    Storage File                     
                ---------  ---------  ---------  --------- ---------                
                   Inital   0x000000    program     static C:\Users\dodo9\MPLABXProjects\Lab02.X\Bonus.asm
                    Start   0x000066    program     static C:\Users\dodo9\MPLABXProjects\Lab02.X\Bonus.asm
                Otherwise   0x00007c    program     static C:\Users\dodo9\MPLABXProjects\Lab02.X\Bonus.asm
              Termination   0x000086    program     static C:\Users\dodo9\MPLABXProjects\Lab02.X\Bonus.asm


